2026-05-26 16:44:39 Loaded main app package /usr/lib/obsidian/obsidian.asar
2026-05-26 16:44:39 Checking for update using Github
2026-05-26 16:44:39 Success.
2026-05-26 16:44:39 Latest version is 1.12.7
2026-05-26 16:44:39 App is up to date.
2026-05-27 11:13:52 Loaded main app package /usr/lib/obsidian/obsidian.asar
2026-05-27 11:13:52 Checking for update using Github
2026-05-27 11:13:52 Success.
2026-05-27 11:13:52 Latest version is 1.12.7
2026-05-27 11:13:52 App is up to date.
2026-05-27 11:14:52 Checking for update using Github
2026-05-27 11:14:52 Success.
2026-05-27 11:14:52 Latest version is 1.12.7
2026-05-27 11:14:52 App is up to date.
2026-05-28 09:13:37 Loaded main app package /usr/lib/obsidian/obsidian.asar
2026-05-28 09:13:37 Checking for update using Github
2026-05-28 09:13:37 Success.
2026-05-28 09:13:37 Latest version is 1.12.7
2026-05-28 09:13:37 App is up to date.
2026-05-28 09:16:10 Loaded main app package /usr/lib/obsidian/obsidian.asar
2026-05-28 09:16:11 Checking for update using Github
2026-05-28 09:16:11 Success.
2026-05-28 09:16:11 Latest version is 1.12.7
2026-05-28 09:16:11 App is up to date.
2026-06-02 12:15:34 Loaded main app package /usr/lib/obsidian/obsidian.asar
2026-06-02 12:15:34 Checking for update using Github
2026-06-02 12:15:35 Success.
2026-06-02 12:15:35 Latest version is 1.12.7
2026-06-02 12:15:35 App is up to date.
2026-06-02 12:36:39 Loaded main app package /usr/lib/obsidian/obsidian.asar
2026-06-02 12:36:39 Checking for update using Github
2026-06-02 12:36:39 Success.
2026-06-02 12:36:39 Latest version is 1.12.7
2026-06-02 12:36:39 App is up to date.
2026-06-02 13:36:39 Checking for update using Github
2026-06-02 13:36:39 Success.
2026-06-02 13:36:39 Latest version is 1.12.7
2026-06-02 13:36:39 App is up to date.
2026-06-02 14:36:39 Checking for update using Github
2026-06-02 14:36:39 Success.
2026-06-02 14:36:39 Latest version is 1.12.7
2026-06-02 14:36:39 App is up to date.
2026-06-02 15:51:48 Checking for update using Github
2026-06-02 15:51:48 Success.
2026-06-02 15:51:48 Latest version is 1.12.7
2026-06-02 15:51:48 App is up to date.
2026-06-02 16:45:03 Loaded main app package /usr/lib/obsidian/obsidian.asar
2026-06-02 16:51:48 Checking for update using Github
2026-06-02 16:51:49 Success.
2026-06-02 16:51:49 Latest version is 1.12.7
2026-06-02 16:51:49 App is up to date.
2026-06-03 17:55:26 Loaded main app package /usr/lib/obsidian/obsidian.asar
2026-06-03 17:55:26 Checking for update using Github
2026-06-03 17:55:27 Success.
2026-06-03 17:55:27 Latest version is 1.12.7
2026-06-03 17:55:27 App is up to date.
2026-06-03 17:57:13 Loaded main app package /usr/lib/obsidian/obsidian.asar
2026-06-03 17:57:13 Checking for update using Github
2026-06-03 17:57:13 Success.
2026-06-03 17:57:13 Latest version is 1.12.7
2026-06-03 17:57:13 App is up to date.
